// Jest Snapshot v1, https://goo.gl/fbAQLP

exports[`测试 PriceList 组件 匹配快照 1`] = `
<div
  style={
    Object {
      "borderTop": "1px solid #e8e8e9",
    }
  }
>
  <withRouter(PriceItem)
    category={
      Object {
        "iconName": "money-collect",
        "id": 1,
        "name": "电子",
        "type": "outcome",
      }
    }
    cid={1}
    date="2019-09-17"
    id={1}
    index={0}
    key="0"
    price={1098}
    title="买了airPods"
  />
  <withRouter(PriceItem)
    category={
      Object {
        "iconName": "money-collect",
        "id": 1,
        "name": "电子",
        "type": "outcome",
      }
    }
    cid={1}
    date="2019-09-27"
    id={2}
    index={1}
    key="1"
    price={7999}
    title="买了苹果11"
  />
  <withRouter(PriceItem)
    category={
      Object {
        "iconName": "car",
        "id": 2,
        "name": "出行",
        "type": "outcome",
      }
    }
    cid={2}
    date="2019-08-27"
    id={3}
    index={2}
    key="2"
    price={50}
    title="去日月光打车"
  />
  <withRouter(PriceItem)
    category={
      Object {
        "iconName": "wallet",
        "id": 3,
        "name": "收入",
        "type": "income",
      }
    }
    cid={3}
    date="2019-09-15"
    id={4}
    index={3}
    key="3"
    price={11111}
    title="8月份工资"
  />
</div>
`;
